23E9	BLACK RIGHT-POINTING DOUBLE TRIANGLE
	= fast forward
23EA	BLACK LEFT-POINTING DOUBLE TRIANGLE
	= fast rewind
23EB	BLACK UP-POINTING DOUBLE TRIANGLE
23EC	BLACK DOWN-POINTING DOUBLE TRIANGLE
23ED	BLACK RIGHT-POINTING DOUBLE TRIANGLE WITH VERTICAL BAR
	= fast forward to next track
23EE	BLACK LEFT-POINTING DOUBLE TRIANGLE WITH VERTICAL BAR
	= fast rewind to previous track
23EF	BLACK RIGHT-POINTING TRIANGLE WITH DOUBLE VERTICAL BAR
23F0	ALARM CLOCK
23F1	STOPWATCH
23F2	TIMER CLOCK
23F3	HOURGLASS WITH FLOWING SAND
	x (hourglass - 231B)
23F4	BELL
	= alarm set
23F5	BELL WITH CANCELLATION STROKE
	= alarm disabled
23F6	SPEAKER WITH CANCELLATION STROKE
	= sound disabled
23F7	SPEAKER
	= sound
	= speaker muted
23F8	SPEAKER WITH ONE SOUND WAVE
	= low volume
23F9	SPEAKER WITH THREE SOUND WAVES
	= full volume
23FA	CLOCKWISE UPWARDS AND DOWNWARDS OPEN CIRCLE ARROWS
	= reload
23FB	TWISTED RIGHTWARDS ARROWS
	= shuffle
23FC	CLOCKWISE RIGHTWARDS AND LEFTWARDS OPEN CIRCLE ARROWS
	= replay
23FD	CLOCKWISE RIGHTWARDS AND LEFTWARDS OPEN CIRCLE ARROWS WITH CIRCLED ONE OVERLAY
	= play through once
23FE	LOCK
	= padlock in locked position
23FF	OPEN LOCK
	= padlock in unlocked position
2705	WHITE HEAVY CHECK MARK
	x (heavy check mark - 2714)
270A	RAISED FIST
	= rock in Rock, Paper, Scissors game
	x (raised hand - 270B)
	x (victory hand - 270C)
270B	RAISED HAND
	= paper in Rock, Paper, Scissors game
	x (raised fist - 270A)
	x (victory hand - 270C)
2728	SPARKLES
274C	CROSS MARK
	* forms a pair with 26E2 heavy large circle
274E	NEGATIVE SQUARED CROSS MARK
2753	BLACK QUESTION MARK ORNAMENT
2754	WHITE QUESTION MARK ORNAMENT
2755	WHITE EXCLAMATION MARK ORNAMENT
	x (heavy exclamation mark ornament - 2762)
	x (heavy exclamation mark symbol - 26CE)
2795	HEAVY PLUS SIGN
2796	HEAVY MINUS SIGN
2797	HEAVY DIVISION SIGN
2E32	LOOPED LENGTH MARK
1F0A0	PLAYING CARD BACK
1F0A1	PLAYING CARD ACE OF SPADES
1F0A2	PLAYING CARD TWO OF SPADES
1F0A3	PLAYING CARD THREE OF SPADES
1F0A4	PLAYING CARD FOUR OF SPADES
1F0A5	PLAYING CARD FIVE OF SPADES
1F0A6	PLAYING CARD SIX OF SPADES
1F0A7	PLAYING CARD SEVEN OF SPADES
1F0A8	PLAYING CARD EIGHT OF SPADES
1F0A9	PLAYING CARD NINE OF SPADES
1F0AA	PLAYING CARD TEN OF SPADES
1F0AB	PLAYING CARD JACK OF SPADES
	= valet, Bube, Unter, Page, fante
	= page of swords
1F0AC	PLAYING CARD KNIGHT OF SPADES
	= chevalier, Ober, Ritter, cavall, cavaliere
	= knight of swords
1F0AD	PLAYING CARD QUEEN OF SPADES
	= dame, Dame, Königin, regina
	= queen of swords
1F0AE	PLAYING CARD KING OF SPADES
	= roi, König, re
	= king of swords
1F0B1	PLAYING CARD ACE OF HEARTS
1F0B2	PLAYING CARD TWO OF HEARTS
1F0B3	PLAYING CARD THREE OF HEARTS
1F0B4	PLAYING CARD FOUR OF HEARTS
1F0B5	PLAYING CARD FIVE OF HEARTS
1F0B6	PLAYING CARD SIX OF HEARTS
1F0B7	PLAYING CARD SEVEN OF HEARTS
1F0B8	PLAYING CARD EIGHT OF HEARTS
1F0B9	PLAYING CARD NINE OF HEARTS
1F0BA	PLAYING CARD TEN OF HEARTS
1F0BB	PLAYING CARD JACK OF HEARTS
	= valet, Bube, Unter, Page, fante
	= page of cups
1F0BC	PLAYING CARD KNIGHT OF HEARTS
	= chevalier, Ober, Ritter, cavall, cavaliere
	= knight of cups
1F0BD	PLAYING CARD QUEEN OF HEARTS
	= dame, Dame, Königin, regina
	= queen of cups
1F0BE	PLAYING CARD KING OF HEARTS
	= roi, König, re
	= king of cups
1F0C1	PLAYING CARD ACE OF DIAMONDS
1F0C2	PLAYING CARD TWO OF DIAMONDS
1F0C3	PLAYING CARD THREE OF DIAMONDS
1F0C4	PLAYING CARD FOUR OF DIAMONDS
1F0C5	PLAYING CARD FIVE OF DIAMONDS
1F0C6	PLAYING CARD SIX OF DIAMONDS
1F0C7	PLAYING CARD SEVEN OF DIAMONDS
1F0C8	PLAYING CARD EIGHT OF DIAMONDS
1F0C9	PLAYING CARD NINE OF DIAMONDS
1F0CA	PLAYING CARD TEN OF DIAMONDS
1F0CB	PLAYING CARD JACK OF DIAMONDS
	= valet, Bube, Unter, Page, fante
	= page of pentacles
1F0CC	PLAYING CARD KNIGHT OF DIAMONDS
	= chevalier, Ober, Ritter, cavall, cavaliere
	= knight of pentacles
1F0CD	PLAYING CARD QUEEN OF DIAMONDS
	= dame, Dame, Königin, regina
	= queen of pentacles
1F0CE	PLAYING CARD KING OF DIAMONDS
	= roi, König, re
	= king of pentacles
1F0CF	PLAYING CARD BLACK JOKER
1F0D1	PLAYING CARD ACE OF CLUBS
1F0D2	PLAYING CARD TWO OF CLUBS
1F0D3	PLAYING CARD THREE OF CLUBS
1F0D4	PLAYING CARD FOUR OF CLUBS
1F0D5	PLAYING CARD FIVE OF CLUBS
1F0D6	PLAYING CARD SIX OF CLUBS
1F0D7	PLAYING CARD SEVEN OF CLUBS
1F0D8	PLAYING CARD EIGHT OF CLUBS
1F0D9	PLAYING CARD NINE OF CLUBS
1F0DA	PLAYING CARD TEN OF CLUBS
1F0DB	PLAYING CARD JACK OF CLUBS
	= valet, Bube, Unter, Page, fante
	= page of wands
1F0DC	PLAYING CARD KNIGHT OF CLUBS
	= chevalier, Ober, Ritter, cavall, cavaliere
	= knight of wands
1F0DD	PLAYING CARD QUEEN OF CLUBS
	= dame, Dame, Königin, regina
	= queen of wands
1F0DE	PLAYING CARD KING OF CLUBS
	= roi, König, re
	= king of wands
1F0DF	PLAYING CARD WHITE JOKER
	* may also be red

1F12E	CIRCLED WZ
	* from the German term "Warenzeichen"
	* indicates a trademarked term without making a legal claim of trademark status
	# <circle> 0057 007A
1F130	SQUARED LATIN CAPITAL LETTER A
	# <square> 0041
1F132	SQUARED LATIN CAPITAL LETTER C
	# <square> 0043
1F133	SQUARED LATIN CAPITAL LETTER D
	# <square> 0044
1F134	SQUARED LATIN CAPITAL LETTER E
	# <square> 0045
1F135	SQUARED LATIN CAPITAL LETTER F
	= fire station, Feuerwache
	# <square> 0046
1F136	SQUARED LATIN CAPITAL LETTER G
	# <square> 0047
1F137	SQUARED LATIN CAPITAL LETTER H
	= Hotel
	# <square> 0048
1F138	SQUARED LATIN CAPITAL LETTER I
	# <square> 0049
1F139	SQUARED LATIN CAPITAL LETTER J
	# <square> 004A
1F13A	SQUARED LATIN CAPITAL LETTER K
	# <square> 004B
1F13B	SQUARED LATIN CAPITAL LETTER L
	# <square> 004C
1F13C	SQUARED LATIN CAPITAL LETTER M
	= Museum
	# <square> 004D
1F13E	SQUARED LATIN CAPITAL LETTER O
	# <square> 004F
1F140	SQUARED LATIN CAPITAL LETTER Q
	# <square> 0051
1F141	SQUARED LATIN CAPITAL LETTER R
	# <square> 0052
1F143	SQUARED LATIN CAPITAL LETTER T
	# <square> 0054
1F144	SQUARED LATIN CAPITAL LETTER U
	= Underground railway, U-Bahn
	# <square> 0055
1F145	SQUARED LATIN CAPITAL LETTER V
	# <square> 0056
1F147	SQUARED LATIN CAPITAL LETTER X
	# <square> 0058
1F148	SQUARED LATIN CAPITAL LETTER Y
	# <square> 0059
1F149	SQUARED LATIN CAPITAL LETTER Z
	# <square> 005A
1F14F	SQUARED WC
	= public toilet, water closet
	# <square> 0057 0043
1F150	NEGATIVE CIRCLED LATIN CAPITAL LETTER A
1F151	NEGATIVE CIRCLED LATIN CAPITAL LETTER B
1F152	NEGATIVE CIRCLED LATIN CAPITAL LETTER C
1F153	NEGATIVE CIRCLED LATIN CAPITAL LETTER D
1F154	NEGATIVE CIRCLED LATIN CAPITAL LETTER E
1F155	NEGATIVE CIRCLED LATIN CAPITAL LETTER F
1F156	NEGATIVE CIRCLED LATIN CAPITAL LETTER G
1F158	NEGATIVE CIRCLED LATIN CAPITAL LETTER I
1F159	NEGATIVE CIRCLED LATIN CAPITAL LETTER J
1F15A	NEGATIVE CIRCLED LATIN CAPITAL LETTER K
1F15B	NEGATIVE CIRCLED LATIN CAPITAL LETTER L
1F15C	NEGATIVE CIRCLED LATIN CAPITAL LETTER M
	= Metro
1F15D	NEGATIVE CIRCLED LATIN CAPITAL LETTER N
1F15E	NEGATIVE CIRCLED LATIN CAPITAL LETTER O
1F160	NEGATIVE CIRCLED LATIN CAPITAL LETTER Q
1F161	NEGATIVE CIRCLED LATIN CAPITAL LETTER R
	= Raststätte (rest stop)
1F162	NEGATIVE CIRCLED LATIN CAPITAL LETTER S
	= Stadtbahn (metropolitan railway)
1F163	NEGATIVE CIRCLED LATIN CAPITAL LETTER T
	= Tankstelle (petrol station)
1F164	NEGATIVE CIRCLED LATIN CAPITAL LETTER U
	= underground rail
1F165	NEGATIVE CIRCLED LATIN CAPITAL LETTER V
1F166	NEGATIVE CIRCLED LATIN CAPITAL LETTER W
1F167	NEGATIVE CIRCLED LATIN CAPITAL LETTER X
1F168	NEGATIVE CIRCLED LATIN CAPITAL LETTER Y
1F169	NEGATIVE CIRCLED LATIN CAPITAL LETTER Z
1F170	NEGATIVE SQUARED LATIN CAPITAL LETTER A
	= blood type A
1F171	NEGATIVE SQUARED LATIN CAPITAL LETTER B
	= blood type B
1F172	NEGATIVE SQUARED LATIN CAPITAL LETTER C
1F173	NEGATIVE SQUARED LATIN CAPITAL LETTER D
1F174	NEGATIVE SQUARED LATIN CAPITAL LETTER E
1F175	NEGATIVE SQUARED LATIN CAPITAL LETTER F
	= fire station, Feuerwache
1F176	NEGATIVE SQUARED LATIN CAPITAL LETTER G
1F177	NEGATIVE SQUARED LATIN CAPITAL LETTER H
1F178	NEGATIVE SQUARED LATIN CAPITAL LETTER I
1F17A	NEGATIVE SQUARED LATIN CAPITAL LETTER K
1F17D	NEGATIVE SQUARED LATIN CAPITAL LETTER N
1F17E	NEGATIVE SQUARED LATIN CAPITAL LETTER O
	= blood type O
1F180	NEGATIVE SQUARED LATIN CAPITAL LETTER Q
1F181	NEGATIVE SQUARED LATIN CAPITAL LETTER R
1F182	NEGATIVE SQUARED LATIN CAPITAL LETTER S
1F183	NEGATIVE SQUARED LATIN CAPITAL LETTER T
1F184	NEGATIVE SQUARED LATIN CAPITAL LETTER U
1F185	NEGATIVE SQUARED LATIN CAPITAL LETTER V
1F186	NEGATIVE SQUARED LATIN CAPITAL LETTER W
1F187	NEGATIVE SQUARED LATIN CAPITAL LETTER X
1F188	NEGATIVE SQUARED LATIN CAPITAL LETTER Y
1F189	NEGATIVE SQUARED LATIN CAPITAL LETTER Z
1F18E	WHITE ON BLACK SQUARED AB
	= blood type AB
1F18F	WHITE ON BLACK SQUARED WC
	= public toilet, water closet
1F201	SQUARED KATAKANA KOKO
	= here sign
	# <square> 30B3 30B3
1F202	SQUARED KATAKANA SA
	= service sign
	x (circled katakana sa - 32DA)
	# <square> 30B5
1F231	SQUARED CJK UNIFIED IDEOGRAPH-7981
	= prohibited sign
	# <square> 7981
1F232	SQUARED CJK UNIFIED IDEOGRAPH-7A7A
	= empty sign
	# <square> 7A7A
1F233	SQUARED CJK UNIFIED IDEOGRAPH-5408
	= passed sign
	# <square> 5408
1F234	SQUARED CJK UNIFIED IDEOGRAPH-6E80
	= full sign
	# <square> 6E80
1F235	SQUARED CJK UNIFIED IDEOGRAPH-6709
	= existence sign
	x (circled ideograph have - 3292)
	# <square> 6709
1F236	SQUARED CJK UNIFIED IDEOGRAPH-6708
	= monthly sign
	x (circled ideograph moon - 328A)
	# <square> 6708
1F237	SQUARED CJK UNIFIED IDEOGRAPH-7533
	= application sign
	# <square> 7533
1F238	SQUARED CJK UNIFIED IDEOGRAPH-5272
	= discount sign
	# <square> 5272
1F239	SQUARED CJK UNIFIED IDEOGRAPH-55B6
	= in business sign
	# <square> 55B6
1F250	CIRCLED IDEOGRAPH ADVANTAGE
	= advantage sign
	# <circle> 5F97
1F251	CIRCLED IDEOGRAPH ACCEPT
	= accept sign
	# <circle> 53EF
1F300	CYCLONE
	= typhoon, hurricane
1F301	FOGGY
1F302	CLOSED UMBRELLA
1F303	NIGHT WITH STARS
1F304	SUNRISE OVER MOUNTAINS
1F305	SUNRISE
1F306	CITYSCAPE AT DUSK
1F307	SUNSET OVER BUILDINGS
1F308	RAINBOW
1F309	BRIDGE AT NIGHT
1F30A	WATER WAVE
1F30B	VOLCANO
1F30C	MILKY WAY
1F30D	EARTH GLOBE WITH MERIDIANS
	= international
1F30E	EARTH GLOBE EUROPE-AFRICA
1F30F	EARTH GLOBE ASIA-AUSTRALIA
1F310	EARTH GLOBE AMERICAS
1F311	NEW MOON SYMBOL
1F312	WAXING CRESCENT MOON SYMBOL
1F313	FIRST QUARTER MOON SYMBOL
	x (first quarter moon - 263D)
1F314	WAXING GIBBOUS MOON SYMBOL
1F315	FULL MOON SYMBOL
1F316	WANING GIBBOUS MOON SYMBOL
1F317	LAST QUARTER MOON SYMBOL
	x (last quarter moon - 263E)
1F318	WANING CRESCENT MOON SYMBOL
1F319	CRESCENT MOON
	* indicates either first or last quarter moon
	x (first quarter moon - 263D)
	x (last quarter moon - 263E)
1F31A	NEW MOON WITH FACE
1F31B	FIRST QUARTER MOON WITH FACE
1F31C	LAST QUARTER MOON WITH FACE
1F31D	FULL MOON WITH FACE
1F31E	SUN WITH FACE
	= sun in splendour
1F31F	GLOWING STAR
1F320	SHOOTING STAR
1F330	CHESTNUT
1F331	SEEDLING
1F332	EVERGREEN TREE
1F333	DECIDUOUS TREE
1F334	PALM TREE
1F335	SAGUARO CACTUS
1F336	POTTED CACTUS
1F337	TULIP
1F338	CHERRY BLOSSOM
1F339	ROSE
1F33A	HIBISCUS
1F33B	SUNFLOWER
1F33C	DAISY
	= blossom
1F33D	EAR OF MAIZE
1F33E	EAR OF RICE
1F33F	HERB
1F340	FOUR LEAFED CLOVER
	x (shamrock - 2618)
1F341	MAPLE LEAF
1F342	LEAF
1F343	LEAF FLUTTERING IN WIND
1F344	MUSHROOM
1F345	TOMATO
1F346	AUBERGINE
	= eggplant
1F347	GRAPES
1F348	MELON
1F349	WATERMELON
1F34A	TANGERINE
1F34B	LEMON
1F34C	BANANA
1F34D	PINEAPPLE
1F34E	APPLE-1
1F34F	APPLE-2
1F350	PEAR
1F351	PEACH
1F352	CHERRIES
1F353	STRAWBERRY
1F354	HAMBURGER
	= fast food restaurant
1F355	SLICE OF PIZZA
1F356	MEAT ON BONE
1F357	POULTRY LEG
1F358	RICE CRACKER
1F359	RICE BALL
1F35A	COOKED RICE
	= bowl of rice
1F35B	CURRY AND RICE
	= Japanese style curry
1F35C	STEAMING BOWL
	= ramen noodles, rice donburi
1F35D	SPAGHETTI
1F35E	BREAD
1F35F	FRENCH FRIES
1F360	ROASTED SWEET POTATO
1F361	MOCHI BALLS ON SKEWER
1F362	SEAFOOD ON SKEWER
1F363	SUSHI
1F364	FRIED SHRIMP
1F365	FISH CAKE WITH SWIRL DESIGN
1F366	SOFT ICE CREAM
1F367	SHAVED ICE
1F368	ICE CREAM
1F369	DOUGHNUT
1F36A	COOKIE
	= biscuit
1F36B	CHOCOLATE BAR
1F36C	CANDY
1F36D	LOLLIPOP
1F36E	CUSTARD
1F36F	HONEY POT
1F370	SHORTCAKE
1F371	LUNCHBOX
1F372	POT OF FOOD
1F373	FRYING PAN
	= cooking utensil
	= cooking
1F374	FORK AND KNIFE
	= restaurant, meal
	* glyph may show a fork and spoon
	* glyph may show a crossed fork and knife
	* glyph may show a fork and knife with a plate
1F375	TEACUP WITHOUT HANDLE
	x (cup on a black square - 26FE)
1F376	SAKE BOTTLE AND CUP
1F377	WINE GLASS
1F378	COCKTAIL GLASS
1F379	TROPICAL DRINK
1F37A	BEER MUG
1F37B	CLINKING BEER MUGS
	= cheers
1F37C	BABY BOTTLE
1F380	RIBBON
1F381	WRAPPED PRESENT
1F382	BIRTHDAY CAKE
1F383	JACK O LANTERN
	= Hallowe'en
1F384	CHRISTMAS TREE
1F385	SANTA CLAUS
	= Father Christmas
1F386	FIREWORKS
1F387	FIREWORK SPARKLER
	* long, stick-like firework that looks like a burning incense stick
1F388	BALLOON
1F389	PARTY POPPER
1F38A	CONFETTI BALL
	= congratulations
1F38B	TANABATA TREE
	= tanabata tree with wishing papers
1F38C	CROSSED FLAGS
	* Japanese national holiday
1F38D	PINE DECORATION
	* Japanese new year's door decoration
1F38E	GIRLS DOLL FESTIVAL
1F38F	CARP STREAMER
1F390	WIND CHIME
1F391	MOON VIEWING CEREMONY
1F392	SCHOOL SATCHEL
	* Japanese school entrance ceremony
1F393	GRADUATION CAP
	* graduation ceremony
1F3A0	CAROUSEL HORSE
	= amusement park
1F3A1	FERRIS WHEEL
	= amusement park
1F3A2	ROLLER COASTER
1F3A3	FISHING
	= fishing pole and fish
1F3A4	MICROPHONE
	= karaoke
1F3A5	FILM
	= movie
1F3A6	CINEMA
	= movie theatre
	= movie projector
1F3A7	HEADPHONE
	= music
1F3A8	ART
	= painter's palette
1F3A9	TOP HAT
	= drama, performing arts, theatre
1F3AA	EVENT
	= circus tent
1F3AB	TICKET
	= indicate an event
1F3AC	MOVIE SHOOTING CLAPBOARD
1F3AD	PERFORMING ARTS
1F3AE	VIDEO GAME
	= video game controller
1F3AF	ARCHERY TARGET
	x 25CE bullseye
1F3B0	SLOT MACHINE
1F3B1	BILLIARDS
1F3B2	GAME DIE
1F3B3	BOWLING
1F3B4	FLOWER PLAYING CARDS
	= flower cards
1F3B5	MUSICAL NOTE
	= music, being in good mood
	x (eighth note - 266A)
1F3B6	MULTIPLE MUSICAL NOTES
	= dancing notes, mood, melody
1F3B7	SAXOPHONE
1F3B8	GUITAR
1F3B9	MUSICAL KEYBOARD
1F3BA	TRUMPET
1F3BB	VIOLIN
1F3BC	MUSICAL SCORE
	x (musical symbol g clef - 1D11E)
1F3BD	RUNNING SHIRT WITH SASH
1F3BE	TENNIS
1F3BF	SKIING
	x (skier - 26F7)
1F3C0	BASKETBALL
1F3C1	CHECKERED FLAG
	= motor sports
1F3C2	SNOWBOARDER
1F3C3	RUNNER
	= running, marathon, track and fields
1F3C4	SURFER
	= surfing
1F3C5	WATER SKIER
1F3C6	TROPHY
1F3C7	HORSE RACING
1F3C8	AMERICAN FOOTBALL
1F3C9	RUGBY FOOTBALL
1F3CA	SWIMMER
1F3D0	HOUSE BUILDING
1F3D1	HOUSE WITH GARDEN
1F3D2	OFFICE BUILDING
1F3D3	JAPANESE POST OFFICE
	x (postal mark - 3012)
1F3D4	EUROPEAN POST OFFICE
1F3D5	HOSPITAL
1F3D6	BANK
1F3D7	ATM
	= automatic teller machine
1F3D8	HOTEL
1F3D9	LOVE HOTEL
1F3DA	CONVENIENCE STORE
1F3DB	SCHOOL
1F3DC	DEPARTMENT STORE
1F3DD	FACTORY
1F3DE	IZAKAYA LANTERN
	= japanese izakaya restaurant
1F3DF	JAPANESE CASTLE
1F3E0	EUROPEAN CASTLE
1F400	RAT
	* first of the signs of the Asian zodiac
1F401	MOUSE
	* first of the signs of the Asian zodiac, used in Persia
1F402	OX
	* second of the signs of the Asian zodiac
1F403	WATER BUFFALO
	* second of the signs of the Asian zodiac, used in Vietnam
1F404	COW
	* indicates beef (on menus)
1F405	TIGER
	* third of the signs of the Asian zodiac
1F406	LEOPARD
1F407	RABBIT
	* fourth of the signs of the Asian zodiac
1F408	CAT
	* fourth of the signs of the Asian zodiac, used in Vietnam
1F409	DRAGON
	* fifth of the signs of the Asian zodiac
1F40A	SNAIL
	* fifth of the signs of the Asian zodiac, used in Kazakhstan
1F40B	CROCODILE
	* alligator
	* fifth of the signs of the Asian zodiac, used in Persia
1F40C	WHALE
	* fifth of the signs of the Asian zodiac, used in Persia
1F40D	SNAKE
	* sixth of the signs of the Asian zodiac
1F40E	HORSE
	* seventh of the signs of the Asian zodiac
	= riding, equestrain sports
1F40F	RAM
	* eighth of the signs of the Asian zodiac
1F410	GOAT
	* eighth of the signs of the Asian zodiac, used in Vietnam
1F411	SHEEP
1F412	MONKEY
	* ninth of the signs of the Asian zodiac
1F413	ROOSTER
	= cock
	* tenth of the signs of the Asian zodiac
1F414	CHICKEN
	= hen
	* indicates poultry (on menus)
1F415	DOG
	* eleventh of the signs of the Asian zodiac
1F416	PIG
	* twelfth of the signs of the Asian zodiac
	* indicates pork (on menus)
1F417	BOAR
	* twelfth of the signs of the Asian zodiac, used in Japan
1F418	ELEPHANT
	* twelfth of the signs of the Asian zodiac, used in Thailand
1F419	OCTOPUS
1F41A	SPIRAL SHELL
1F41B	CENTIPEDE
1F41C	ANT
1F41D	HONEYBEE
1F41E	LADYBIRD
	= ladybug, lady beetle, coccinellids
1F41F	FISH
1F420	TROPICAL FISH
1F421	BLOWFISH
1F422	FROG
1F423	TURTLE
1F424	HATCHING CHICK
1F425	BABY CHICK
1F426	FRONT-FACING BABY CHICK
1F427	BIRD
1F428	PENGUIN
1F429	KOALA
1F42A	KANGAROO
1F42B	HAMSTER
1F42C	BEAR
1F42D	PANDA
1F42E	WOLF
1F42F	POODLE
1F430	DROMEDARY CAMEL
1F431	BACTRIAN CAMEL
1F432	DEER
1F433	REINDEER
1F434	DOLPHIN
1F435	MONKEY FACE
1F436	PIG NOSE
1F437	PAW PRINTS
1F440	EYES
1F441	EYE
1F442	EAR
1F443	NOSE
1F444	MOUTH
1F445	TONGUE
1F446	FISTED HAND
	= punch
1F447	THUMBS UP SIGN
1F448	WHITE UP POINTING BACKHAND INDEX
1F449	WHITE DOWN POINTING BACKHAND INDEX
1F44A	WHITE LEFT POINTING BACKHAND INDEX
1F44B	WHITE RIGHT POINTING BACKHAND INDEX
1F44C	WAVING HAND
1F44D	CLAPPING HANDS
1F44E	OK HAND SIGN
1F44F	THUMBS DOWN SIGN
1F450	OPEN HANDS
1F451	CROWN
1F452	WOMANS HAT
1F453	EYEGLASSES
1F454	NECKTIE
1F455	T-SHIRT
1F456	JEANS
1F457	DRESS
1F458	KIMONO
1F459	BIKINI
1F45A	WOMANS CLOTHES
1F45B	PURSE
1F45C	HANDBAG
1F45D	POUCH
1F45E	MANS SHOE
1F45F	TENNIS SHOE
	= sneaker, runner
1F460	HIGH-HEELED SHOE
1F461	WOMANS SANDAL
1F462	WOMANS BOOTS
1F463	FOOTPRINTS
1F464	BUST IN SILHOUETTE
	= guest account
1F465	BUSTS IN SILHOUETTE
	= accounts
1F466	BOYS HEAD
1F467	GIRLS HEAD
1F468	MANS HEAD
1F469	WOMANS HEAD
1F46A	FAMILY
1F46B	COUPLE
1F46C	POLICE OFFICER
1F46D	WOMAN WITH BUNNY EARS
1F46E	BRIDE WITH VEIL
1F46F	MAN WITH BLOND HAIR
	= Euro-American person
1F470	WOMAN WITH BLOND HAIR
1F471	MAN WITH GUA PI MAO
1F472	MAN WITH TURBAN
1F473	OLDER MAN
1F474	OLDER WOMAN
1F475	BABY
1F476	CONSTRUCTION WORKER
1F477	PRINCESS
1F478	OGRE
1F479	GOBLIN
1F47A	GHOST
1F47B	CHERUB
1F47C	EXTRATERRESTRIAL ALIEN
1F47D	ALIEN MONSTER
1F47E	MONSTER
1F47F	SKULL
1F480	INFORMATION DESK PERSON
1F481	GUARDSMAN
1F482	DANCER
1F483	LIPSTICK
1F484	NAIL CARE
1F485	FACE MASSAGE
1F486	HAIRCUT
	* usually indicates a beauty parlor
1F487	BARBER POLE
1F488	SYRINGE
1F489	PILL
1F48A	KISS MARK
	= lips
1F48B	LOVE LETTER
1F48C	RING
	= jewelry
1F48D	GEM STONE
1F48E	KISS
	= two people kissing
1F48F	BOUQUET
1F490	COUPLE WITH HEART
1F491	WEDDING
	= wedding chapel
1F492	BEATING HEART
1F493	BROKEN HEART
1F494	TWO HEARTS
1F495	SPARKLING HEART
1F496	GROWING HEART
1F497	HEART WITH ARROW
1F498	HEART-1
1F499	HEART-2
1F49A	HEART-3
1F49B	HEART-4
1F49C	HEART WITH RIBBON
1F49D	REVOLVING HEARTS
1F49E	HEART DECORATION
1F4A0	DIAMOND SHAPE WITH A DOT INSIDE
1F4A1	ELECTRIC LIGHT BULB
	= idea
1F4A2	ANGER SIGN
1F4A3	BOMB
1F4A4	SLEEPING SIGN
1F4A5	COLLISION SYMBOL
1F4A6	SPLASHING SWEAT
1F4A7	DRIP
1F4A8	DASH SYMBOL
	= running dash
1F4A9	DOG DIRT
	= dung
1F4AA	FLEXED BICEP
	= strong, muscled
1F4AB	DIZZY SYMBOL
	= circling stars
1F4AC	SPEECH BALLOON
	= comic-book conversation bubble
1F4AD	THOUGHT BALLOON
1F4AE	WHITE FLOWER
	= brilliant homework
1F4AF	HUNDRED POINTS SYMBOL
	= perfect score
1F4B0	FREE SIGN
	= free postage
1F4B1	NO ONE UNDER EIGHTEEN SIGN
1F4B2	OK SIGN
1F4B3	NO GOOD SIGN
1F4B4	VS SIGN
	= versus
1F4B5	NEW SIGN
1F4B6	UP SIGN
	= new information, update
1F4B7	COOL SIGN
1F4B8	TOP WITH UP-POINTING TRIANGLE SIGN
	= top of page
1F4B9	SOS SIGN
	= search, hunt for missing person
1F4BA	SOON WITH RIGHT ARROW ABOVE
1F4BB	ON WITH DOUBLE POINTING ARROW ABOVE
1F4BC	END WITH LEFT ARROW ABOVE
1F4BD	BACK WITH LEFT ARROW ABOVE
1F4BE	LATIN CAPITAL LETTERS INPUT SYMBOL
1F4BF	LATIN SMALL LETTERS INPUT SYMBOL
1F4C0	NUMBERS INPUT SYMBOL
1F4C1	SYMBOLS INPUT SYMBOL
1F4C2	LATIN LETTERS INPUT SYMBOL
	= English input (ABC)
1F4C3	IDENTIFICATION SIGN
1F4C4	CLEAR SIGN
1F500	MONEY BAG
1F501	CURRENCY EXCHANGE
1F502	HEAVY DOLLAR SIGN
1F503	CREDIT CARD
1F504	BANKNOTE WITH YEN SIGN
1F505	BANKNOTE WITH DOLLAR SIGN
1F506	BANKNOTE WITH EURO SIGN
1F507	BANKNOTE WITH POUND SIGN
1F508	MONEY WITH WINGS
1F509	CHART WITH UPWARDS TREND AND YEN SYMBOL
1F50A	SEAT
1F50B	COMPUTER
1F50C	BRIEFCASE
1F50D	MINI DISC
1F50E	FLOPPY DISK
1F50F	OPTICAL DISK
1F510	DVD
1F511	FILE FOLDER
1F512	OPEN FILE FOLDER
1F513	PAGE WITH CURL
1F514	PAGE FACING UP
1F515	CALENDAR
1F516	TEAR OFF CALENDAR
1F517	CARD INDEX
1F518	CHART WITH UPWARDS TREND
1F519	CHART WITH DOWNWARDS TREND
1F51A	BAR CHART
1F51B	CLIPBOARD
1F51C	PUSHPIN
1F51D	ROUND PUSHPIN
1F51E	PAPERCLIP
1F51F	STRAIGHT RULER
1F520	TRIANGULAR RULER
1F521	BOOKMARK TABS
1F522	LEDGER
1F523	NOTEBOOK
1F524	NOTEBOOK WITH DECORATIVE COVER
1F525	VERTICAL CLOSED BOOK
1F526	OPEN BOOK
1F527	BOOK-1
1F528	BOOK-2
1F529	BOOK-3
1F52A	BOOKS
1F52B	NAME BADGE
1F52C	SCROLL
1F52D	MEMO
1F52E	TELEPHONE RECEIVER
1F52F	PAGER
1F530	FAX
1F531	SATELLITE ANTENNA
	= position indicator, news
1F532	TRANSMISSION TOWER
	= Tokyo Tower, Space Needle, Berliner Fernsehturm, etc.
1F533	PUBLIC ADDRESS LOUDSPEAKER
1F534	CHEERING MEGAPHONE
1F535	OUTBOX TRAY
1F536	INBOX TRAY
1F537	PACKAGE
1F538	E-MAIL SYMBOL
1F539	INCOMING ENVELOPE
	x (envelope - 2709)
1F53A	ENVELOPE WITH ARROW
	* sending mail
1F53B	MAILBOX
	= letter box, mail reception
1F53C	MAILBOX WITH RAISED FLAG
1F53D	POSTBOX
	= mailbox for sending mail
1F53E	POSTAL HORN
1F53F	NEWSPAPER
1F540	MOBILE PHONE
1F541	PHONE WITH ARROW
	* making a phone call
1F542	VIBRATION MODE
1F543	MOBILE PHONE OFF
1F544	NO MOBILE PHONES
1F545	ANTENNA WITH BARS
	= cellular reception
1F546	KEYCAP TEN
1F547	CAMERA
1F548	VIDEO CAMERA
1F549	TELEVISION
1F54A	RADIO
1F54B	VIDEO CASSETTE TAPE
1F54C	DIM SCREEN SYMBOL
1F54D	BRIGHT SCREEN SYMBOL
1F54E	BATTERY
1F54F	ELECTRIC PLUG
1F550	LEFT-POINTING MAGNIFYING GLASS
	= search
1F551	RIGHT-POINTING MAGNIFYING GLASS
	= get more details
1F552	LOCK WITH INK PEN
	= privacy
1F553	CLOSED LOCK WITH KEY
	= secure
1F554	KEY
1F555	RADIO BUTTON
1F556	BOOKMARK
1F557	LINK SYMBOL
1F558	FIRE
1F559	MATCH
1F55A	ELECTRIC TORCH
	= flashlight
1F55B	WRENCH
1F55C	HAMMER
1F55D	NUT AND BOLT
1F55E	KNIFE
1F55F	PISTOL
1F560	MICROSCOPE
1F561	TELESCOPE
1F562	CRYSTAL BALL
1F563	SIX POINTED STAR WITH MIDDLE DOT
1F564	JAPANESE SYMBOL FOR BEGINNER
1F565	TRIDENT EMBLEM
1F566	BLACK ROUNDED SQUARE
1F567	WHITE ROUNDED SQUARE
1F568	LARGE CIRCLE-1
	x (large circle - 25EF)
	x (black large circle - 2B24)
1F569	LARGE CIRCLE-2
	x (large circle - 25EF)
	x (checkered large circle - 2B55)
1F56A	LARGE DIAMOND-1
1F56B	LARGE DIAMOND-2
1F56C	SMALL DIAMOND-1
1F56D	SMALL DIAMOND-2
1F56E	UP-POINTING TRIANGLE-1
1F56F	DOWN-POINTING TRIANGLE-1
1F570	UP-POINTING SMALL TRIANGLE-1
	= play arrow up
1F571	DOWN-POINTING SMALL TRIANGLE-1
	= play arrow down
1F572	CLOCK FACE ONE OCLOCK
1F573	CLOCK FACE TWO OCLOCK
1F574	CLOCK FACE THREE OCLOCK
1F575	CLOCK FACE FOUR OCLOCK
1F576	CLOCK FACE FIVE OCLOCK
1F577	CLOCK FACE SIX OCLOCK
1F578	CLOCK FACE SEVEN OCLOCK
1F579	CLOCK FACE EIGHT OCLOCK
1F57A	CLOCK FACE NINE OCLOCK
1F57B	CLOCK FACE TEN OCLOCK
1F57C	CLOCK FACE ELEVEN OCLOCK
1F57D	CLOCK FACE TWELVE OCLOCK
1F580	ROCKET
1F581	HELICOPTER
1F582	STEAM LOCOMOTIVE
1F583	RAILWAY CAR
1F584	HIGH-SPEED TRAIN
1F585	HIGH-SPEED TRAIN WITH BULLET NOSE
1F586	INTERCITY TRAIN
1F587	UNDERGROUND TRAIN
	= metro, subway
1F588	LIGHT RAIL
1F589	STATION
	= train, subway station
1F58A	TRAM
1F58B	TRAM CAR
1F58C	BUS-1
1F58D	BUS-2
1F58E	TROLLEYBUS
1F58F	BUS STOP
1F590	MINIBUS
1F591	AMBULANCE
1F592	FIRE ENGINE
1F593	POLICE CAR-1
1F594	POLICE CAR-2
1F595	TAXI-1
1F596	TAXI-2
1F597	AUTOMOBILE-1
1F598	AUTOMOBILE-2
1F599	RECREATIONAL VEHICLE
1F59A	TRUCK
1F59B	ARTICULATED LORRY
1F59C	TRACTOR
1F59D	MONORAIL
1F59E	MOUNTAIN RAILWAY
1F59F	SUSPENSION RAILWAY
1F5A0	MOUNTAIN CABLEWAY
1F5A1	AERIAL TRAMWAY
1F5A2	SHIP
	x (ferry - 26F4)
1F5A3	ROWBOAT
1F5A4	SPEEDBOAT
1F5A5	HORIZONTAL TRAFFIC LIGHT
1F5A6	VERTICAL TRAFFIC LIGHT
1F5A7	CONSTRUCTION SIGN
1F5A8	ROTATING BEACON
1F5A9	TRIANGULAR FLAG ON POST
	= location information
1F5AA	DOOR
1F5AB	NO ENTRY SIGN
	x (no entry - 26D4)
1F5AC	SMOKING SYMBOL
1F5AD	NO SMOKING SYMBOL
1F5AE	PUT LITTER IN ITS PLACE SYMBOL
1F5AF	DO NOT LITTER SYMBOL
1F5B0	POTABLE WATER SYMBOL
1F5B1	NON-POTABLE WATER SYMBOL
1F5B2	BICYCLE
1F5B3	NO BICYCLES
1F5B4	BICYCLIST
1F5B5	MOUNTAIN BICYCLIST
1F5B6	PEDESTRIAN
	= walking
1F5B7	NO PEDESTRIANS
1F5B8	CHILDREN CROSSING
1F5B9	MAN SYMBOL
	= men's toilet or restroom
1F5BA	WOMAN SYMBOL
	= women's toilet or restroom
1F5BB	MAN AND WOMAN SYMBOL WITH DIVIDER
	= toilet or restroom
1F5BC	BABY SYMBOL
	= baby on board, baby changing station
1F5BD	BATH
1F5BE	SHOWER
1F5BF	TOILET
	= Western style commode
1F5C0	WATER CLOSET
	x 1F14F squared wc
	x 1F18F white on black squared wc
1F5C1	PASSPORT CONTROL
1F5C2	CUSTOMS
1F5C3	BAGGAGE CLAIM
1F5C4	LEFT LUGGAGE
1F600	ANGRY FACE
1F601	ANGUISHED FACE
1F602	ASTONISHED FACE
1F603	DISAPPOINTED FACE
1F604	DIZZY FACE
1F605	EXASPERATED FACE
1F606	EXPRESSIONLESS FACE
1F607	FACE WITH HEART SHAPED EYES
1F608	FACE WITH LOOK OF TRIUMPH
1F609	WINKING FACE WITH STUCK OUT TONGUE
1F60A	FACE WITH STUCK OUT TONGUE
1F60B	FACE SAVORING DELICIOUS FOOD
1F60C	FACE THROWING A KISS
1F60D	FACE KISSING
1F60E	FACE WITH MASK
1F60F	FLUSHED FACE
1F610	HAPPY FACE WITH OPEN MOUTH
1F611	HAPPY FACE WITH OPEN MOUTH AND COLD SWEAT
1F612	HAPPY FACE WITH OPEN MOUTH AND CLOSED EYES
1F613	HAPPY FACE WITH GRIN
1F614	HAPPY AND CRYING FACE
1F615	HAPPY FACE WITH WIDE MOUTH AND RAISED EYEBROWS
1F616	HAPPY FACE WITH OPEN MOUTH AND RAISED EYEBROWS
1F617	CRYING FACE
1F618	LOUDLY CRYING FACE
1F619	FEARFUL FACE
1F61A	PERSEVERING FACE
1F61B	POUTING FACE
1F61C	RELIEVED FACE
1F61D	CONFOUNDED FACE
1F61E	PENSIVE FACE
1F61F	FACE SCREAMING IN FEAR
1F620	SLEEPY FACE
1F621	SMIRKING FACE
1F622	FACE WITH COLD SWEAT
1F623	DISAPPOINTED BUT RELIEVED FACE
1F624	TIRED FACE
1F625	WINKING FACE
1F626	FACE WITH HALO
1F627	FACE WITH HORNS
1F628	FACE WITH SUNGLASSES
1F629	DEADPAN FACE
1F62A	CAT FACE WITH OPEN MOUTH
1F62B	HAPPY CAT FACE WITH GRIN
1F62C	HAPPY AND CRYING CAT FACE
1F62D	CAT FACE KISSING
1F62E	CAT FACE WITH HEART SHAPED EYES
1F62F	CRYING CAT FACE
1F630	POUTING CAT FACE
1F631	CAT FACE WITH TIGHTLY CLOSED LIPS
1F632	ANGUISHED CAT FACE
1F633	FACE WITH NO GOOD GESTURE
1F634	FACE WITH OK GESTURE
1F635	PERSON BOWING DEEPLY
1F636	SEE NO EVIL MONKEY
1F637	SPEAK NO EVIL MONKEY
1F638	HEAR NO EVIL MONKEY
1F639	PERSON RAISING ONE HAND
1F63A	PERSON RAISING BOTH HANDS IN CHEERS
1F63B	PERSON FROWNING
1F63C	PERSON WITH POUTING FACE
1F63D	PERSON WITH FOLDED HANDS
1F774	OPHIUCHUS
E0200	TWO-LETTER CODE SYMBOL AA
E0201	TWO-LETTER CODE SYMBOL AB
E0202	TWO-LETTER CODE SYMBOL AC
E0203	TWO-LETTER CODE SYMBOL AD
E0204	TWO-LETTER CODE SYMBOL AE
E0205	TWO-LETTER CODE SYMBOL AF
E0206	TWO-LETTER CODE SYMBOL AG
E0207	TWO-LETTER CODE SYMBOL AH
E0208	TWO-LETTER CODE SYMBOL AI
E0209	TWO-LETTER CODE SYMBOL AJ
E020A	TWO-LETTER CODE SYMBOL AK
E020B	TWO-LETTER CODE SYMBOL AL
E020C	TWO-LETTER CODE SYMBOL AM
E020D	TWO-LETTER CODE SYMBOL AN
E020E	TWO-LETTER CODE SYMBOL AO
E020F	TWO-LETTER CODE SYMBOL AP
E0210	TWO-LETTER CODE SYMBOL AQ
E0211	TWO-LETTER CODE SYMBOL AR
E0212	TWO-LETTER CODE SYMBOL AS
E0213	TWO-LETTER CODE SYMBOL AT
E0214	TWO-LETTER CODE SYMBOL AU
E0215	TWO-LETTER CODE SYMBOL AV
E0216	TWO-LETTER CODE SYMBOL AW
E0217	TWO-LETTER CODE SYMBOL AX
E0218	TWO-LETTER CODE SYMBOL AY
E0219	TWO-LETTER CODE SYMBOL AZ
E021A	TWO-LETTER CODE SYMBOL BA
E021B	TWO-LETTER CODE SYMBOL BB
E021C	TWO-LETTER CODE SYMBOL BC
E021D	TWO-LETTER CODE SYMBOL BD
E021E	TWO-LETTER CODE SYMBOL BE
E021F	TWO-LETTER CODE SYMBOL BF
E0220	TWO-LETTER CODE SYMBOL BG
E0221	TWO-LETTER CODE SYMBOL BH
E0222	TWO-LETTER CODE SYMBOL BI
E0223	TWO-LETTER CODE SYMBOL BJ
E0224	TWO-LETTER CODE SYMBOL BK
E0225	TWO-LETTER CODE SYMBOL BL
E0226	TWO-LETTER CODE SYMBOL BM
E0227	TWO-LETTER CODE SYMBOL BN
E0228	TWO-LETTER CODE SYMBOL BO
E0229	TWO-LETTER CODE SYMBOL BP
E022A	TWO-LETTER CODE SYMBOL BQ
E022B	TWO-LETTER CODE SYMBOL BR
E022C	TWO-LETTER CODE SYMBOL BS
E022D	TWO-LETTER CODE SYMBOL BT
E022E	TWO-LETTER CODE SYMBOL BU
E022F	TWO-LETTER CODE SYMBOL BV
E0230	TWO-LETTER CODE SYMBOL BW
E0231	TWO-LETTER CODE SYMBOL BX
E0232	TWO-LETTER CODE SYMBOL BY
E0233	TWO-LETTER CODE SYMBOL BZ
E0234	TWO-LETTER CODE SYMBOL CA
E0235	TWO-LETTER CODE SYMBOL CB
E0236	TWO-LETTER CODE SYMBOL CC
E0237	TWO-LETTER CODE SYMBOL CD
E0238	TWO-LETTER CODE SYMBOL CE
E0239	TWO-LETTER CODE SYMBOL CF
E023A	TWO-LETTER CODE SYMBOL CG
E023B	TWO-LETTER CODE SYMBOL CH
E023C	TWO-LETTER CODE SYMBOL CI
E023D	TWO-LETTER CODE SYMBOL CJ
E023E	TWO-LETTER CODE SYMBOL CK
E023F	TWO-LETTER CODE SYMBOL CL
E0240	TWO-LETTER CODE SYMBOL CM
E0241	TWO-LETTER CODE SYMBOL CN
E0242	TWO-LETTER CODE SYMBOL CO
E0243	TWO-LETTER CODE SYMBOL CP
E0244	TWO-LETTER CODE SYMBOL CQ
E0245	TWO-LETTER CODE SYMBOL CR
E0246	TWO-LETTER CODE SYMBOL CS
E0247	TWO-LETTER CODE SYMBOL CT
E0248	TWO-LETTER CODE SYMBOL CU
E0249	TWO-LETTER CODE SYMBOL CV
E024A	TWO-LETTER CODE SYMBOL CW
E024B	TWO-LETTER CODE SYMBOL CX
E024C	TWO-LETTER CODE SYMBOL CY
E024D	TWO-LETTER CODE SYMBOL CZ
E024E	TWO-LETTER CODE SYMBOL DA
E024F	TWO-LETTER CODE SYMBOL DB
E0250	TWO-LETTER CODE SYMBOL DC
E0251	TWO-LETTER CODE SYMBOL DD
E0252	TWO-LETTER CODE SYMBOL DE
E0253	TWO-LETTER CODE SYMBOL DF
E0254	TWO-LETTER CODE SYMBOL DG
E0255	TWO-LETTER CODE SYMBOL DH
E0256	TWO-LETTER CODE SYMBOL DI
E0257	TWO-LETTER CODE SYMBOL DJ
E0258	TWO-LETTER CODE SYMBOL DK
E0259	TWO-LETTER CODE SYMBOL DL
E025A	TWO-LETTER CODE SYMBOL DM
E025B	TWO-LETTER CODE SYMBOL DN
E025C	TWO-LETTER CODE SYMBOL DO
E025D	TWO-LETTER CODE SYMBOL DP
E025E	TWO-LETTER CODE SYMBOL DQ
E025F	TWO-LETTER CODE SYMBOL DR
E0260	TWO-LETTER CODE SYMBOL DS
E0261	TWO-LETTER CODE SYMBOL DT
E0262	TWO-LETTER CODE SYMBOL DU
E0263	TWO-LETTER CODE SYMBOL DV
E0264	TWO-LETTER CODE SYMBOL DW
E0265	TWO-LETTER CODE SYMBOL DX
E0266	TWO-LETTER CODE SYMBOL DY
E0267	TWO-LETTER CODE SYMBOL DZ
E0268	TWO-LETTER CODE SYMBOL EA
E0269	TWO-LETTER CODE SYMBOL EB
E026A	TWO-LETTER CODE SYMBOL EC
E026B	TWO-LETTER CODE SYMBOL ED
E026C	TWO-LETTER CODE SYMBOL EE
E026D	TWO-LETTER CODE SYMBOL EF
E026E	TWO-LETTER CODE SYMBOL EG
E026F	TWO-LETTER CODE SYMBOL EH
E0270	TWO-LETTER CODE SYMBOL EI
E0271	TWO-LETTER CODE SYMBOL EJ
E0272	TWO-LETTER CODE SYMBOL EK
E0273	TWO-LETTER CODE SYMBOL EL
E0274	TWO-LETTER CODE SYMBOL EM
E0275	TWO-LETTER CODE SYMBOL EN
E0276	TWO-LETTER CODE SYMBOL EO
E0277	TWO-LETTER CODE SYMBOL EP
E0278	TWO-LETTER CODE SYMBOL EQ
E0279	TWO-LETTER CODE SYMBOL ER
E027A	TWO-LETTER CODE SYMBOL ES
E027B	TWO-LETTER CODE SYMBOL ET
E027C	TWO-LETTER CODE SYMBOL EU
E027D	TWO-LETTER CODE SYMBOL EV
E027E	TWO-LETTER CODE SYMBOL EW
E027F	TWO-LETTER CODE SYMBOL EX
E0280	TWO-LETTER CODE SYMBOL EY
E0281	TWO-LETTER CODE SYMBOL EZ
E0282	TWO-LETTER CODE SYMBOL FA
E0283	TWO-LETTER CODE SYMBOL FB
E0284	TWO-LETTER CODE SYMBOL FC
E0285	TWO-LETTER CODE SYMBOL FD
E0286	TWO-LETTER CODE SYMBOL FE
E0287	TWO-LETTER CODE SYMBOL FF
E0288	TWO-LETTER CODE SYMBOL FG
E0289	TWO-LETTER CODE SYMBOL FH
E028A	TWO-LETTER CODE SYMBOL FI
E028B	TWO-LETTER CODE SYMBOL FJ
E028C	TWO-LETTER CODE SYMBOL FK
E028D	TWO-LETTER CODE SYMBOL FL
E028E	TWO-LETTER CODE SYMBOL FM
E028F	TWO-LETTER CODE SYMBOL FN
E0290	TWO-LETTER CODE SYMBOL FO
E0291	TWO-LETTER CODE SYMBOL FP
E0292	TWO-LETTER CODE SYMBOL FQ
E0293	TWO-LETTER CODE SYMBOL FR
E0294	TWO-LETTER CODE SYMBOL FS
E0295	TWO-LETTER CODE SYMBOL FT
E0296	TWO-LETTER CODE SYMBOL FU
E0297	TWO-LETTER CODE SYMBOL FV
E0298	TWO-LETTER CODE SYMBOL FW
E0299	TWO-LETTER CODE SYMBOL FX
E029A	TWO-LETTER CODE SYMBOL FY
E029B	TWO-LETTER CODE SYMBOL FZ
E029C	TWO-LETTER CODE SYMBOL GA
E029D	TWO-LETTER CODE SYMBOL GB
E029E	TWO-LETTER CODE SYMBOL GC
E029F	TWO-LETTER CODE SYMBOL GD
E02A0	TWO-LETTER CODE SYMBOL GE
E02A1	TWO-LETTER CODE SYMBOL GF
E02A2	TWO-LETTER CODE SYMBOL GG
E02A3	TWO-LETTER CODE SYMBOL GH
E02A4	TWO-LETTER CODE SYMBOL GI
E02A5	TWO-LETTER CODE SYMBOL GJ
E02A6	TWO-LETTER CODE SYMBOL GK
E02A7	TWO-LETTER CODE SYMBOL GL
E02A8	TWO-LETTER CODE SYMBOL GM
E02A9	TWO-LETTER CODE SYMBOL GN
E02AA	TWO-LETTER CODE SYMBOL GO
E02AB	TWO-LETTER CODE SYMBOL GP
E02AC	TWO-LETTER CODE SYMBOL GQ
E02AD	TWO-LETTER CODE SYMBOL GR
E02AE	TWO-LETTER CODE SYMBOL GS
E02AF	TWO-LETTER CODE SYMBOL GT
E02B0	TWO-LETTER CODE SYMBOL GU
E02B1	TWO-LETTER CODE SYMBOL GV
E02B2	TWO-LETTER CODE SYMBOL GW
E02B3	TWO-LETTER CODE SYMBOL GX
E02B4	TWO-LETTER CODE SYMBOL GY
E02B5	TWO-LETTER CODE SYMBOL GZ
E02B6	TWO-LETTER CODE SYMBOL HA
E02B7	TWO-LETTER CODE SYMBOL HB
E02B8	TWO-LETTER CODE SYMBOL HC
E02B9	TWO-LETTER CODE SYMBOL HD
E02BA	TWO-LETTER CODE SYMBOL HE
E02BB	TWO-LETTER CODE SYMBOL HF
E02BC	TWO-LETTER CODE SYMBOL HG
E02BD	TWO-LETTER CODE SYMBOL HH
E02BE	TWO-LETTER CODE SYMBOL HI
E02BF	TWO-LETTER CODE SYMBOL HJ
E02C0	TWO-LETTER CODE SYMBOL HK
E02C1	TWO-LETTER CODE SYMBOL HL
E02C2	TWO-LETTER CODE SYMBOL HM
E02C3	TWO-LETTER CODE SYMBOL HN
E02C4	TWO-LETTER CODE SYMBOL HO
E02C5	TWO-LETTER CODE SYMBOL HP
E02C6	TWO-LETTER CODE SYMBOL HQ
E02C7	TWO-LETTER CODE SYMBOL HR
E02C8	TWO-LETTER CODE SYMBOL HS
E02C9	TWO-LETTER CODE SYMBOL HT
E02CA	TWO-LETTER CODE SYMBOL HU
E02CB	TWO-LETTER CODE SYMBOL HV
E02CC	TWO-LETTER CODE SYMBOL HW
E02CD	TWO-LETTER CODE SYMBOL HX
E02CE	TWO-LETTER CODE SYMBOL HY
E02CF	TWO-LETTER CODE SYMBOL HZ
E02D0	TWO-LETTER CODE SYMBOL IA
E02D1	TWO-LETTER CODE SYMBOL IB
E02D2	TWO-LETTER CODE SYMBOL IC
E02D3	TWO-LETTER CODE SYMBOL ID
E02D4	TWO-LETTER CODE SYMBOL IE
E02D5	TWO-LETTER CODE SYMBOL IF
E02D6	TWO-LETTER CODE SYMBOL IG
E02D7	TWO-LETTER CODE SYMBOL IH
E02D8	TWO-LETTER CODE SYMBOL II
E02D9	TWO-LETTER CODE SYMBOL IJ
E02DA	TWO-LETTER CODE SYMBOL IK
E02DB	TWO-LETTER CODE SYMBOL IL
E02DC	TWO-LETTER CODE SYMBOL IM
E02DD	TWO-LETTER CODE SYMBOL IN
E02DE	TWO-LETTER CODE SYMBOL IO
E02DF	TWO-LETTER CODE SYMBOL IP
E02E0	TWO-LETTER CODE SYMBOL IQ
E02E1	TWO-LETTER CODE SYMBOL IR
E02E2	TWO-LETTER CODE SYMBOL IS
E02E3	TWO-LETTER CODE SYMBOL IT
E02E4	TWO-LETTER CODE SYMBOL IU
E02E5	TWO-LETTER CODE SYMBOL IV
E02E6	TWO-LETTER CODE SYMBOL IW
E02E7	TWO-LETTER CODE SYMBOL IX
E02E8	TWO-LETTER CODE SYMBOL IY
E02E9	TWO-LETTER CODE SYMBOL IZ
E02EA	TWO-LETTER CODE SYMBOL JA
E02EB	TWO-LETTER CODE SYMBOL JB
E02EC	TWO-LETTER CODE SYMBOL JC
E02ED	TWO-LETTER CODE SYMBOL JD
E02EE	TWO-LETTER CODE SYMBOL JE
E02EF	TWO-LETTER CODE SYMBOL JF
E02F0	TWO-LETTER CODE SYMBOL JG
E02F1	TWO-LETTER CODE SYMBOL JH
E02F2	TWO-LETTER CODE SYMBOL JI
E02F3	TWO-LETTER CODE SYMBOL JJ
E02F4	TWO-LETTER CODE SYMBOL JK
E02F5	TWO-LETTER CODE SYMBOL JL
E02F6	TWO-LETTER CODE SYMBOL JM
E02F7	TWO-LETTER CODE SYMBOL JN
E02F8	TWO-LETTER CODE SYMBOL JO
E02F9	TWO-LETTER CODE SYMBOL JP
E02FA	TWO-LETTER CODE SYMBOL JQ
E02FB	TWO-LETTER CODE SYMBOL JR
E02FC	TWO-LETTER CODE SYMBOL JS
E02FD	TWO-LETTER CODE SYMBOL JT
E02FE	TWO-LETTER CODE SYMBOL JU
E02FF	TWO-LETTER CODE SYMBOL JV
E0300	TWO-LETTER CODE SYMBOL JW
E0301	TWO-LETTER CODE SYMBOL JX
E0302	TWO-LETTER CODE SYMBOL JY
E0303	TWO-LETTER CODE SYMBOL JZ
E0304	TWO-LETTER CODE SYMBOL KA
E0305	TWO-LETTER CODE SYMBOL KB
E0306	TWO-LETTER CODE SYMBOL KC
E0307	TWO-LETTER CODE SYMBOL KD
E0308	TWO-LETTER CODE SYMBOL KE
E0309	TWO-LETTER CODE SYMBOL KF
E030A	TWO-LETTER CODE SYMBOL KG
E030B	TWO-LETTER CODE SYMBOL KH
E030C	TWO-LETTER CODE SYMBOL KI
E030D	TWO-LETTER CODE SYMBOL KJ
E030E	TWO-LETTER CODE SYMBOL KK
E030F	TWO-LETTER CODE SYMBOL KL
E0310	TWO-LETTER CODE SYMBOL KM
E0311	TWO-LETTER CODE SYMBOL KN
E0312	TWO-LETTER CODE SYMBOL KO
E0313	TWO-LETTER CODE SYMBOL KP
E0314	TWO-LETTER CODE SYMBOL KQ
E0315	TWO-LETTER CODE SYMBOL KR
E0316	TWO-LETTER CODE SYMBOL KS
E0317	TWO-LETTER CODE SYMBOL KT
E0318	TWO-LETTER CODE SYMBOL KU
E0319	TWO-LETTER CODE SYMBOL KV
E031A	TWO-LETTER CODE SYMBOL KW
E031B	TWO-LETTER CODE SYMBOL KX
E031C	TWO-LETTER CODE SYMBOL KY
E031D	TWO-LETTER CODE SYMBOL KZ
E031E	TWO-LETTER CODE SYMBOL LA
E031F	TWO-LETTER CODE SYMBOL LB
E0320	TWO-LETTER CODE SYMBOL LC
E0321	TWO-LETTER CODE SYMBOL LD
E0322	TWO-LETTER CODE SYMBOL LE
E0323	TWO-LETTER CODE SYMBOL LF
E0324	TWO-LETTER CODE SYMBOL LG
E0325	TWO-LETTER CODE SYMBOL LH
E0326	TWO-LETTER CODE SYMBOL LI
E0327	TWO-LETTER CODE SYMBOL LJ
E0328	TWO-LETTER CODE SYMBOL LK
E0329	TWO-LETTER CODE SYMBOL LL
E032A	TWO-LETTER CODE SYMBOL LM
E032B	TWO-LETTER CODE SYMBOL LN
E032C	TWO-LETTER CODE SYMBOL LO
E032D	TWO-LETTER CODE SYMBOL LP
E032E	TWO-LETTER CODE SYMBOL LQ
E032F	TWO-LETTER CODE SYMBOL LR
E0330	TWO-LETTER CODE SYMBOL LS
E0331	TWO-LETTER CODE SYMBOL LT
E0332	TWO-LETTER CODE SYMBOL LU
E0333	TWO-LETTER CODE SYMBOL LV
E0334	TWO-LETTER CODE SYMBOL LW
E0335	TWO-LETTER CODE SYMBOL LX
E0336	TWO-LETTER CODE SYMBOL LY
E0337	TWO-LETTER CODE SYMBOL LZ
E0338	TWO-LETTER CODE SYMBOL MA
E0339	TWO-LETTER CODE SYMBOL MB
E033A	TWO-LETTER CODE SYMBOL MC
E033B	TWO-LETTER CODE SYMBOL MD
E033C	TWO-LETTER CODE SYMBOL ME
E033D	TWO-LETTER CODE SYMBOL MF
E033E	TWO-LETTER CODE SYMBOL MG
E033F	TWO-LETTER CODE SYMBOL MH
E0340	TWO-LETTER CODE SYMBOL MI
E0341	TWO-LETTER CODE SYMBOL MJ
E0342	TWO-LETTER CODE SYMBOL MK
E0343	TWO-LETTER CODE SYMBOL ML
E0344	TWO-LETTER CODE SYMBOL MM
E0345	TWO-LETTER CODE SYMBOL MN
E0346	TWO-LETTER CODE SYMBOL MO
E0347	TWO-LETTER CODE SYMBOL MP
E0348	TWO-LETTER CODE SYMBOL MQ
E0349	TWO-LETTER CODE SYMBOL MR
E034A	TWO-LETTER CODE SYMBOL MS
E034B	TWO-LETTER CODE SYMBOL MT
E034C	TWO-LETTER CODE SYMBOL MU
E034D	TWO-LETTER CODE SYMBOL MV
E034E	TWO-LETTER CODE SYMBOL MW
E034F	TWO-LETTER CODE SYMBOL MX
E0350	TWO-LETTER CODE SYMBOL MY
E0351	TWO-LETTER CODE SYMBOL MZ
E0352	TWO-LETTER CODE SYMBOL NA
E0353	TWO-LETTER CODE SYMBOL NB
E0354	TWO-LETTER CODE SYMBOL NC
E0355	TWO-LETTER CODE SYMBOL ND
E0356	TWO-LETTER CODE SYMBOL NE
E0357	TWO-LETTER CODE SYMBOL NF
E0358	TWO-LETTER CODE SYMBOL NG
E0359	TWO-LETTER CODE SYMBOL NH
E035A	TWO-LETTER CODE SYMBOL NI
E035B	TWO-LETTER CODE SYMBOL NJ
E035C	TWO-LETTER CODE SYMBOL NK
E035D	TWO-LETTER CODE SYMBOL NL
E035E	TWO-LETTER CODE SYMBOL NM
E035F	TWO-LETTER CODE SYMBOL NN
E0360	TWO-LETTER CODE SYMBOL NO
E0361	TWO-LETTER CODE SYMBOL NP
E0362	TWO-LETTER CODE SYMBOL NQ
E0363	TWO-LETTER CODE SYMBOL NR
E0364	TWO-LETTER CODE SYMBOL NS
E0365	TWO-LETTER CODE SYMBOL NT
E0366	TWO-LETTER CODE SYMBOL NU
E0367	TWO-LETTER CODE SYMBOL NV
E0368	TWO-LETTER CODE SYMBOL NW
E0369	TWO-LETTER CODE SYMBOL NX
E036A	TWO-LETTER CODE SYMBOL NY
E036B	TWO-LETTER CODE SYMBOL NZ
E036C	TWO-LETTER CODE SYMBOL OA
E036D	TWO-LETTER CODE SYMBOL OB
E036E	TWO-LETTER CODE SYMBOL OC
E036F	TWO-LETTER CODE SYMBOL OD
E0370	TWO-LETTER CODE SYMBOL OE
E0371	TWO-LETTER CODE SYMBOL OF
E0372	TWO-LETTER CODE SYMBOL OG
E0373	TWO-LETTER CODE SYMBOL OH
E0374	TWO-LETTER CODE SYMBOL OI
E0375	TWO-LETTER CODE SYMBOL OJ
E0376	TWO-LETTER CODE SYMBOL OK
E0377	TWO-LETTER CODE SYMBOL OL
E0378	TWO-LETTER CODE SYMBOL OM
E0379	TWO-LETTER CODE SYMBOL ON
E037A	TWO-LETTER CODE SYMBOL OO
E037B	TWO-LETTER CODE SYMBOL OP
E037C	TWO-LETTER CODE SYMBOL OQ
E037D	TWO-LETTER CODE SYMBOL OR
E037E	TWO-LETTER CODE SYMBOL OS
E037F	TWO-LETTER CODE SYMBOL OT
E0380	TWO-LETTER CODE SYMBOL OU
E0381	TWO-LETTER CODE SYMBOL OV
E0382	TWO-LETTER CODE SYMBOL OW
E0383	TWO-LETTER CODE SYMBOL OX
E0384	TWO-LETTER CODE SYMBOL OY
E0385	TWO-LETTER CODE SYMBOL OZ
E0386	TWO-LETTER CODE SYMBOL PA
E0387	TWO-LETTER CODE SYMBOL PB
E0388	TWO-LETTER CODE SYMBOL PC
E0389	TWO-LETTER CODE SYMBOL PD
E038A	TWO-LETTER CODE SYMBOL PE
E038B	TWO-LETTER CODE SYMBOL PF
E038C	TWO-LETTER CODE SYMBOL PG
E038D	TWO-LETTER CODE SYMBOL PH
E038E	TWO-LETTER CODE SYMBOL PI
E038F	TWO-LETTER CODE SYMBOL PJ
E0390	TWO-LETTER CODE SYMBOL PK
E0391	TWO-LETTER CODE SYMBOL PL
E0392	TWO-LETTER CODE SYMBOL PM
E0393	TWO-LETTER CODE SYMBOL PN
E0394	TWO-LETTER CODE SYMBOL PO
E0395	TWO-LETTER CODE SYMBOL PP
E0396	TWO-LETTER CODE SYMBOL PQ
E0397	TWO-LETTER CODE SYMBOL PR
E0398	TWO-LETTER CODE SYMBOL PS
E0399	TWO-LETTER CODE SYMBOL PT
E039A	TWO-LETTER CODE SYMBOL PU
E039B	TWO-LETTER CODE SYMBOL PV
E039C	TWO-LETTER CODE SYMBOL PW
E039D	TWO-LETTER CODE SYMBOL PX
E039E	TWO-LETTER CODE SYMBOL PY
E039F	TWO-LETTER CODE SYMBOL PZ
E03A0	TWO-LETTER CODE SYMBOL QA
E03A1	TWO-LETTER CODE SYMBOL QB
E03A2	TWO-LETTER CODE SYMBOL QC
E03A3	TWO-LETTER CODE SYMBOL QD
E03A4	TWO-LETTER CODE SYMBOL QE
E03A5	TWO-LETTER CODE SYMBOL QF
E03A6	TWO-LETTER CODE SYMBOL QG
E03A7	TWO-LETTER CODE SYMBOL QH
E03A8	TWO-LETTER CODE SYMBOL QI
E03A9	TWO-LETTER CODE SYMBOL QJ
E03AA	TWO-LETTER CODE SYMBOL QK
E03AB	TWO-LETTER CODE SYMBOL QL
E03AC	TWO-LETTER CODE SYMBOL QM
E03AD	TWO-LETTER CODE SYMBOL QN
E03AE	TWO-LETTER CODE SYMBOL QO
E03AF	TWO-LETTER CODE SYMBOL QP
E03B0	TWO-LETTER CODE SYMBOL QQ
E03B1	TWO-LETTER CODE SYMBOL QR
E03B2	TWO-LETTER CODE SYMBOL QS
E03B3	TWO-LETTER CODE SYMBOL QT
E03B4	TWO-LETTER CODE SYMBOL QU
E03B5	TWO-LETTER CODE SYMBOL QV
E03B6	TWO-LETTER CODE SYMBOL QW
E03B7	TWO-LETTER CODE SYMBOL QX
E03B8	TWO-LETTER CODE SYMBOL QY
E03B9	TWO-LETTER CODE SYMBOL QZ
E03BA	TWO-LETTER CODE SYMBOL RA
E03BB	TWO-LETTER CODE SYMBOL RB
E03BC	TWO-LETTER CODE SYMBOL RC
E03BD	TWO-LETTER CODE SYMBOL RD
E03BE	TWO-LETTER CODE SYMBOL RE
E03BF	TWO-LETTER CODE SYMBOL RF
E03C0	TWO-LETTER CODE SYMBOL RG
E03C1	TWO-LETTER CODE SYMBOL RH
E03C2	TWO-LETTER CODE SYMBOL RI
E03C3	TWO-LETTER CODE SYMBOL RJ
E03C4	TWO-LETTER CODE SYMBOL RK
E03C5	TWO-LETTER CODE SYMBOL RL
E03C6	TWO-LETTER CODE SYMBOL RM
E03C7	TWO-LETTER CODE SYMBOL RN
E03C8	TWO-LETTER CODE SYMBOL RO
E03C9	TWO-LETTER CODE SYMBOL RP
E03CA	TWO-LETTER CODE SYMBOL RQ
E03CB	TWO-LETTER CODE SYMBOL RR
E03CC	TWO-LETTER CODE SYMBOL RS
E03CD	TWO-LETTER CODE SYMBOL RT
E03CE	TWO-LETTER CODE SYMBOL RU
E03CF	TWO-LETTER CODE SYMBOL RV
E03D0	TWO-LETTER CODE SYMBOL RW
E03D1	TWO-LETTER CODE SYMBOL RX
E03D2	TWO-LETTER CODE SYMBOL RY
E03D3	TWO-LETTER CODE SYMBOL RZ
E03D4	TWO-LETTER CODE SYMBOL SA
E03D5	TWO-LETTER CODE SYMBOL SB
E03D6	TWO-LETTER CODE SYMBOL SC
E03D7	TWO-LETTER CODE SYMBOL SD
E03D8	TWO-LETTER CODE SYMBOL SE
E03D9	TWO-LETTER CODE SYMBOL SF
E03DA	TWO-LETTER CODE SYMBOL SG
E03DB	TWO-LETTER CODE SYMBOL SH
E03DC	TWO-LETTER CODE SYMBOL SI
E03DD	TWO-LETTER CODE SYMBOL SJ
E03DE	TWO-LETTER CODE SYMBOL SK
E03DF	TWO-LETTER CODE SYMBOL SL
E03E0	TWO-LETTER CODE SYMBOL SM
E03E1	TWO-LETTER CODE SYMBOL SN
E03E2	TWO-LETTER CODE SYMBOL SO
E03E3	TWO-LETTER CODE SYMBOL SP
E03E4	TWO-LETTER CODE SYMBOL SQ
E03E5	TWO-LETTER CODE SYMBOL SR
E03E6	TWO-LETTER CODE SYMBOL SS
E03E7	TWO-LETTER CODE SYMBOL ST
E03E8	TWO-LETTER CODE SYMBOL SU
E03E9	TWO-LETTER CODE SYMBOL SV
E03EA	TWO-LETTER CODE SYMBOL SW
E03EB	TWO-LETTER CODE SYMBOL SX
E03EC	TWO-LETTER CODE SYMBOL SY
E03ED	TWO-LETTER CODE SYMBOL SZ
E03EE	TWO-LETTER CODE SYMBOL TA
E03EF	TWO-LETTER CODE SYMBOL TB
E03F0	TWO-LETTER CODE SYMBOL TC
E03F1	TWO-LETTER CODE SYMBOL TD
E03F2	TWO-LETTER CODE SYMBOL TE
E03F3	TWO-LETTER CODE SYMBOL TF
E03F4	TWO-LETTER CODE SYMBOL TG
E03F5	TWO-LETTER CODE SYMBOL TH
E03F6	TWO-LETTER CODE SYMBOL TI
E03F7	TWO-LETTER CODE SYMBOL TJ
E03F8	TWO-LETTER CODE SYMBOL TK
E03F9	TWO-LETTER CODE SYMBOL TL
E03FA	TWO-LETTER CODE SYMBOL TM
E03FB	TWO-LETTER CODE SYMBOL TN
E03FC	TWO-LETTER CODE SYMBOL TO
E03FD	TWO-LETTER CODE SYMBOL TP
E03FE	TWO-LETTER CODE SYMBOL TQ
E03FF	TWO-LETTER CODE SYMBOL TR
E0400	TWO-LETTER CODE SYMBOL TS
E0401	TWO-LETTER CODE SYMBOL TT
E0402	TWO-LETTER CODE SYMBOL TU
E0403	TWO-LETTER CODE SYMBOL TV
E0404	TWO-LETTER CODE SYMBOL TW
E0405	TWO-LETTER CODE SYMBOL TX
E0406	TWO-LETTER CODE SYMBOL TY
E0407	TWO-LETTER CODE SYMBOL TZ
E0408	TWO-LETTER CODE SYMBOL UA
E0409	TWO-LETTER CODE SYMBOL UB
E040A	TWO-LETTER CODE SYMBOL UC
E040B	TWO-LETTER CODE SYMBOL UD
E040C	TWO-LETTER CODE SYMBOL UE
E040D	TWO-LETTER CODE SYMBOL UF
E040E	TWO-LETTER CODE SYMBOL UG
E040F	TWO-LETTER CODE SYMBOL UH
E0410	TWO-LETTER CODE SYMBOL UI
E0411	TWO-LETTER CODE SYMBOL UJ
E0412	TWO-LETTER CODE SYMBOL UK
E0413	TWO-LETTER CODE SYMBOL UL
E0414	TWO-LETTER CODE SYMBOL UM
E0415	TWO-LETTER CODE SYMBOL UN
E0416	TWO-LETTER CODE SYMBOL UO
E0417	TWO-LETTER CODE SYMBOL UP
E0418	TWO-LETTER CODE SYMBOL UQ
E0419	TWO-LETTER CODE SYMBOL UR
E041A	TWO-LETTER CODE SYMBOL US
E041B	TWO-LETTER CODE SYMBOL UT
E041C	TWO-LETTER CODE SYMBOL UU
E041D	TWO-LETTER CODE SYMBOL UV
E041E	TWO-LETTER CODE SYMBOL UW
E041F	TWO-LETTER CODE SYMBOL UX
E0420	TWO-LETTER CODE SYMBOL UY
E0421	TWO-LETTER CODE SYMBOL UZ
E0422	TWO-LETTER CODE SYMBOL VA
E0423	TWO-LETTER CODE SYMBOL VB
E0424	TWO-LETTER CODE SYMBOL VC
E0425	TWO-LETTER CODE SYMBOL VD
E0426	TWO-LETTER CODE SYMBOL VE
E0427	TWO-LETTER CODE SYMBOL VF
E0428	TWO-LETTER CODE SYMBOL VG
E0429	TWO-LETTER CODE SYMBOL VH
E042A	TWO-LETTER CODE SYMBOL VI
E042B	TWO-LETTER CODE SYMBOL VJ
E042C	TWO-LETTER CODE SYMBOL VK
E042D	TWO-LETTER CODE SYMBOL VL
E042E	TWO-LETTER CODE SYMBOL VM
E042F	TWO-LETTER CODE SYMBOL VN
E0430	TWO-LETTER CODE SYMBOL VO
E0431	TWO-LETTER CODE SYMBOL VP
E0432	TWO-LETTER CODE SYMBOL VQ
E0433	TWO-LETTER CODE SYMBOL VR
E0434	TWO-LETTER CODE SYMBOL VS
E0435	TWO-LETTER CODE SYMBOL VT
E0436	TWO-LETTER CODE SYMBOL VU
E0437	TWO-LETTER CODE SYMBOL VV
E0438	TWO-LETTER CODE SYMBOL VW
E0439	TWO-LETTER CODE SYMBOL VX
E043A	TWO-LETTER CODE SYMBOL VY
E043B	TWO-LETTER CODE SYMBOL VZ
E043C	TWO-LETTER CODE SYMBOL WA
E043D	TWO-LETTER CODE SYMBOL WB
E043E	TWO-LETTER CODE SYMBOL WC
E043F	TWO-LETTER CODE SYMBOL WD
E0440	TWO-LETTER CODE SYMBOL WE
E0441	TWO-LETTER CODE SYMBOL WF
E0442	TWO-LETTER CODE SYMBOL WG
E0443	TWO-LETTER CODE SYMBOL WH
E0444	TWO-LETTER CODE SYMBOL WI
E0445	TWO-LETTER CODE SYMBOL WJ
E0446	TWO-LETTER CODE SYMBOL WK
E0447	TWO-LETTER CODE SYMBOL WL
E0448	TWO-LETTER CODE SYMBOL WM
E0449	TWO-LETTER CODE SYMBOL WN
E044A	TWO-LETTER CODE SYMBOL WO
E044B	TWO-LETTER CODE SYMBOL WP
E044C	TWO-LETTER CODE SYMBOL WQ
E044D	TWO-LETTER CODE SYMBOL WR
E044E	TWO-LETTER CODE SYMBOL WS
E044F	TWO-LETTER CODE SYMBOL WT
E0450	TWO-LETTER CODE SYMBOL WU
E0451	TWO-LETTER CODE SYMBOL WV
E0452	TWO-LETTER CODE SYMBOL WW
E0453	TWO-LETTER CODE SYMBOL WX
E0454	TWO-LETTER CODE SYMBOL WY
E0455	TWO-LETTER CODE SYMBOL WZ
E0456	TWO-LETTER CODE SYMBOL XA
E0457	TWO-LETTER CODE SYMBOL XB
E0458	TWO-LETTER CODE SYMBOL XC
E0459	TWO-LETTER CODE SYMBOL XD
E045A	TWO-LETTER CODE SYMBOL XE
E045B	TWO-LETTER CODE SYMBOL XF
E045C	TWO-LETTER CODE SYMBOL XG
E045D	TWO-LETTER CODE SYMBOL XH
E045E	TWO-LETTER CODE SYMBOL XI
E045F	TWO-LETTER CODE SYMBOL XJ
E0460	TWO-LETTER CODE SYMBOL XK
E0461	TWO-LETTER CODE SYMBOL XL
E0462	TWO-LETTER CODE SYMBOL XM
E0463	TWO-LETTER CODE SYMBOL XN
E0464	TWO-LETTER CODE SYMBOL XO
E0465	TWO-LETTER CODE SYMBOL XP
E0466	TWO-LETTER CODE SYMBOL XQ
E0467	TWO-LETTER CODE SYMBOL XR
E0468	TWO-LETTER CODE SYMBOL XS
E0469	TWO-LETTER CODE SYMBOL XT
E046A	TWO-LETTER CODE SYMBOL XU
E046B	TWO-LETTER CODE SYMBOL XV
E046C	TWO-LETTER CODE SYMBOL XW
E046D	TWO-LETTER CODE SYMBOL XX
E046E	TWO-LETTER CODE SYMBOL XY
E046F	TWO-LETTER CODE SYMBOL XZ
E0470	TWO-LETTER CODE SYMBOL YA
E0471	TWO-LETTER CODE SYMBOL YB
E0472	TWO-LETTER CODE SYMBOL YC
E0473	TWO-LETTER CODE SYMBOL YD
E0474	TWO-LETTER CODE SYMBOL YE
E0475	TWO-LETTER CODE SYMBOL YF
E0476	TWO-LETTER CODE SYMBOL YG
E0477	TWO-LETTER CODE SYMBOL YH
E0478	TWO-LETTER CODE SYMBOL YI
E0479	TWO-LETTER CODE SYMBOL YJ
E047A	TWO-LETTER CODE SYMBOL YK
E047B	TWO-LETTER CODE SYMBOL YL
E047C	TWO-LETTER CODE SYMBOL YM
E047D	TWO-LETTER CODE SYMBOL YN
E047E	TWO-LETTER CODE SYMBOL YO
E047F	TWO-LETTER CODE SYMBOL YP
E0480	TWO-LETTER CODE SYMBOL YQ
E0481	TWO-LETTER CODE SYMBOL YR
E0482	TWO-LETTER CODE SYMBOL YS
E0483	TWO-LETTER CODE SYMBOL YT
E0484	TWO-LETTER CODE SYMBOL YU
E0485	TWO-LETTER CODE SYMBOL YV
E0486	TWO-LETTER CODE SYMBOL YW
E0487	TWO-LETTER CODE SYMBOL YX
E0488	TWO-LETTER CODE SYMBOL YY
E0489	TWO-LETTER CODE SYMBOL YZ
E048A	TWO-LETTER CODE SYMBOL ZA
E048B	TWO-LETTER CODE SYMBOL ZB
E048C	TWO-LETTER CODE SYMBOL ZC
E048D	TWO-LETTER CODE SYMBOL ZD
E048E	TWO-LETTER CODE SYMBOL ZE
E048F	TWO-LETTER CODE SYMBOL ZF
E0490	TWO-LETTER CODE SYMBOL ZG
E0491	TWO-LETTER CODE SYMBOL ZH
E0492	TWO-LETTER CODE SYMBOL ZI
E0493	TWO-LETTER CODE SYMBOL ZJ
E0494	TWO-LETTER CODE SYMBOL ZK
E0495	TWO-LETTER CODE SYMBOL ZL
E0496	TWO-LETTER CODE SYMBOL ZM
E0497	TWO-LETTER CODE SYMBOL ZN
E0498	TWO-LETTER CODE SYMBOL ZO
E0499	TWO-LETTER CODE SYMBOL ZP
E049A	TWO-LETTER CODE SYMBOL ZQ
E049B	TWO-LETTER CODE SYMBOL ZR
E049C	TWO-LETTER CODE SYMBOL ZS
E049D	TWO-LETTER CODE SYMBOL ZT
E049E	TWO-LETTER CODE SYMBOL ZU
E049F	TWO-LETTER CODE SYMBOL ZV
E04A0	TWO-LETTER CODE SYMBOL ZW
E04A1	TWO-LETTER CODE SYMBOL ZX
E04A2	TWO-LETTER CODE SYMBOL ZY
E04A3	TWO-LETTER CODE SYMBOL ZZ
E0500	EMOJI COMPATIBILITY SYMBOL-1
E0501	EMOJI COMPATIBILITY SYMBOL-2
E0502	EMOJI COMPATIBILITY SYMBOL-3
E0503	EMOJI COMPATIBILITY SYMBOL-4
E0504	EMOJI COMPATIBILITY SYMBOL-5
E0505	EMOJI COMPATIBILITY SYMBOL-6
E0506	EMOJI COMPATIBILITY SYMBOL-7
E0507	EMOJI COMPATIBILITY SYMBOL-8
E0508	EMOJI COMPATIBILITY SYMBOL-9
E0509	EMOJI COMPATIBILITY SYMBOL-10
E050A	EMOJI COMPATIBILITY SYMBOL-11
E050B	EMOJI COMPATIBILITY SYMBOL-12
E050C	EMOJI COMPATIBILITY SYMBOL-13
E050D	EMOJI COMPATIBILITY SYMBOL-14
E050E	EMOJI COMPATIBILITY SYMBOL-15
E050F	EMOJI COMPATIBILITY SYMBOL-16
E0510	EMOJI COMPATIBILITY SYMBOL-17
E0511	EMOJI COMPATIBILITY SYMBOL-18
E0512	EMOJI COMPATIBILITY SYMBOL-19
E0513	EMOJI COMPATIBILITY SYMBOL-20
E0514	EMOJI COMPATIBILITY SYMBOL-21
E0515	EMOJI COMPATIBILITY SYMBOL-22
E0516	EMOJI COMPATIBILITY SYMBOL-23
E0517	EMOJI COMPATIBILITY SYMBOL-24
E0518	EMOJI COMPATIBILITY SYMBOL-25
E0519	EMOJI COMPATIBILITY SYMBOL-26
E051A	EMOJI COMPATIBILITY SYMBOL-27
E051B	EMOJI COMPATIBILITY SYMBOL-28
E051C	EMOJI COMPATIBILITY SYMBOL-29
E051D	EMOJI COMPATIBILITY SYMBOL-30
E051E	EMOJI COMPATIBILITY SYMBOL-31
E051F	EMOJI COMPATIBILITY SYMBOL-32
E0520	EMOJI COMPATIBILITY SYMBOL-33
E0521	EMOJI COMPATIBILITY SYMBOL-34
E0522	EMOJI COMPATIBILITY SYMBOL-35
E0523	EMOJI COMPATIBILITY SYMBOL-36
E0524	EMOJI COMPATIBILITY SYMBOL-37
E0525	EMOJI COMPATIBILITY SYMBOL-38
E0526	EMOJI COMPATIBILITY SYMBOL-39
E0527	EMOJI COMPATIBILITY SYMBOL-40
E0528	EMOJI COMPATIBILITY SYMBOL-41
E0529	EMOJI COMPATIBILITY SYMBOL-42
E052A	EMOJI COMPATIBILITY SYMBOL-43
E052B	EMOJI COMPATIBILITY SYMBOL-44
E052C	EMOJI COMPATIBILITY SYMBOL-45
E052D	EMOJI COMPATIBILITY SYMBOL-46
E052E	EMOJI COMPATIBILITY SYMBOL-47
E052F	EMOJI COMPATIBILITY SYMBOL-48
E0530	EMOJI COMPATIBILITY SYMBOL-49
E0531	EMOJI COMPATIBILITY SYMBOL-50
E0532	EMOJI COMPATIBILITY SYMBOL-51
E0533	EMOJI COMPATIBILITY SYMBOL-52
E0534	EMOJI COMPATIBILITY SYMBOL-53
E0535	EMOJI COMPATIBILITY SYMBOL-54
E0536	EMOJI COMPATIBILITY SYMBOL-55
E0537	EMOJI COMPATIBILITY SYMBOL-56
E0538	EMOJI COMPATIBILITY SYMBOL-57
E0539	EMOJI COMPATIBILITY SYMBOL-58
E053A	EMOJI COMPATIBILITY SYMBOL-59
E053B	EMOJI COMPATIBILITY SYMBOL-60
E053C	EMOJI COMPATIBILITY SYMBOL-61
E053D	EMOJI COMPATIBILITY SYMBOL-62
E053E	EMOJI COMPATIBILITY SYMBOL-63
E053F	EMOJI COMPATIBILITY SYMBOL-64
E0540	EMOJI COMPATIBILITY SYMBOL-65
E0541	EMOJI COMPATIBILITY SYMBOL-66
E0542	MOUNT FUJI-EMOJI COMPATIBILITY SYMBOL-67
E0543	STATUE OF LIBERTY-EMOJI COMPATIBILITY SYMBOL-68
E0544	SKETCH OF JAPAN-EMOJI COMPATIBILITY SYMBOL-69
E0545	MOYAI-EMOJI COMPATIBILITY SYMBOL-70
